U:\Projects\Clients\Nashville_storage\nashvilleabm_tcad9_test\Script\0.1 UI.rsc
U:\Projects\Clients\Nashville_storage\nashvilleabm_tcad9_test\Script\1.1 initialization.rsc
U:\Projects\Clients\Nashville_storage\nashvilleabm_tcad9_test\Script\2.1 HwySkimming.rsc
U:\Projects\Clients\Nashville_storage\nashvilleabm_tcad9_test\Script\2.2 TransitSkimming.rsc
U:\Projects\Clients\Nashville_storage\nashvilleabm_tcad9_test\Script\2.3 FormatSkims.rsc
U:\Projects\Clients\Nashville_storage\nashvilleabm_tcad9_test\Script\4 InternalTruckModel.rsc
U:\Projects\Clients\Nashville_storage\nashvilleabm_tcad9_test\Script\5 VisitorModel.rsc
U:\Projects\Clients\Nashville_storage\nashvilleabm_tcad9_test\Script\7.1 RunDaysim.rsc
U:\Projects\Clients\Nashville_storage\nashvilleabm_tcad9_test\Script\8.1 HwyAssignment.rsc
U:\Projects\Clients\Nashville_storage\nashvilleabm_tcad9_test\Script\8.2 TransitAssignment.rsc
U:\Projects\Clients\Nashville_storage\nashvilleabm_tcad9_test\Script\8.3 FeedbackLoop.rsc
U:\Projects\Clients\Nashville_storage\nashvilleabm_tcad9_test\Script\9.1 Utility.rsc
U:\Projects\Clients\Nashville_storage\nashvilleabm_tcad9_test\Script\9.2 boardings.rsc


