E:\U-Expansion\Projects\Clients\Nashville_storage\ManagedLane2026\nashvilleabm\Script\0.1 UI.rsc
E:\U-Expansion\Projects\Clients\Nashville_storage\ManagedLane2026\nashvilleabm\Script\1.1 initialization.rsc
E:\U-Expansion\Projects\Clients\Nashville_storage\ManagedLane2026\nashvilleabm\Script\2.1 HwySkimming.rsc
E:\U-Expansion\Projects\Clients\Nashville_storage\ManagedLane2026\nashvilleabm\Script\2.2 TransitSkimming.rsc
E:\U-Expansion\Projects\Clients\Nashville_storage\ManagedLane2026\nashvilleabm\Script\2.3 FormatSkims.rsc
E:\U-Expansion\Projects\Clients\Nashville_storage\ManagedLane2026\nashvilleabm\Script\4 InternalTruckModel.rsc
E:\U-Expansion\Projects\Clients\Nashville_storage\ManagedLane2026\nashvilleabm\Script\5 VisitorModel.rsc
E:\U-Expansion\Projects\Clients\Nashville_storage\ManagedLane2026\nashvilleabm\Script\7.1 RunDaysim.rsc
E:\U-Expansion\Projects\Clients\Nashville_storage\ManagedLane2026\nashvilleabm\Script\8.1 HwyAssignment.rsc
E:\U-Expansion\Projects\Clients\Nashville_storage\ManagedLane2026\nashvilleabm\Script\8.2 TransitAssignment.rsc
E:\U-Expansion\Projects\Clients\Nashville_storage\ManagedLane2026\nashvilleabm\Script\8.3 FeedbackLoop.rsc
E:\U-Expansion\Projects\Clients\Nashville_storage\ManagedLane2026\nashvilleabm\Script\9.1 Utility.rsc
E:\U-Expansion\Projects\Clients\Nashville_storage\ManagedLane2026\nashvilleabm\Script\9.2 boardings.rsc


